.\gradlew.bat : WARNING: A restricted method 
in java.lang.System has been called
At line:1 char:1
+ .\gradlew.bat jar 2>&1 | Out-File -FilePath 
build-output.txt; Get-Con ...
+ ~~~~~~~~~~~~~~~~~~~~~~
    + CategoryInfo          : NotSpecified: ( 
   WARNING: A rest...has been called:String)  
   [], RemoteException
    + FullyQualifiedErrorId : NativeCommandEr 
   ror
 
WARNING: java.lang.System::load has been 
called by net.rubygrapefruit.platform.internal
.NativeLibraryLoader in an unnamed module (fil
e:/C:/Users/livej/.gradle/wrapper/dists/gradle
-8.13-bin/5xuhj0ry160q40clulazy9h7d/gradle-8.1
3/lib/native-platform-0.22-milestone-28.jar)
WARNING: Use 
--enable-native-access=ALL-UNNAMED to avoid a 
warning for callers in this module
WARNING: Restricted methods will be blocked 
in a future release unless native access is 
enabled


FAILURE: Build failed with an exception.

* What went wrong:
Could not determine the dependencies of task 
':compileJava'.
> Could not resolve all dependencies for 
configuration ':compileClasspath'.
   > Failed to calculate the value of task 
':compileJava' property 'javaCompiler'.
      > Cannot find a Java installation on 
your machine (Windows 11 10.0 amd64) 
matching: {languageVersion=17, vendor=any 
vendor, implementation=vendor-specific}. 
Toolchain download repositories have not been 
configured.

* Try:
> Learn more about toolchain auto-detection 
and auto-provisioning at https://docs.gradle.o
rg/8.13/userguide/toolchains.html#sec:auto_det
ection.
> Learn more about toolchain repositories at h
ttps://docs.gradle.org/8.13/userguide/toolchai
ns.html#sub:download_repositories.
> Run with --stacktrace option to get the 
stack trace.
> Run with --info or --debug option to get 
more log output.
> Run with --scan to get full insights.
> Get more help at https://help.gradle.org.

BUILD FAILED in 669ms
